
[catch 14:02:06] read ended: OSError

[catch 14:02:06] open failed (SerialException); re-attaching

[catch 14:02:10] open failed (SerialException); re-attaching

[catch 14:02:14] open failed (SerialException); re-attaching

[catch 14:02:17] port open, reading
£j[0m
# mismatches 5 / 100
[0m[0m# GATE4 FAIL
[0m[0m
# ---- run 2 ----
[0m[0m# in=0x34350000 out=0x34350000 scale=8.297212 off=0
[0m[0m# fed 64000 B of 64000 B input
[0m[0m# invoking...
[0m[0m# invoke returned
[0m[0m# invoke 74421588 cycles = 124.035 ms at 600000000 Hz
[0m[0m# ids:[0m[0m 1024[0m[0m 1024[0m[0m 1024[0m[0m 1024[0m[0m 1024[0m[0m 1024[0m[0m 1024[0m[0m 1024[0m[0m 1024[0m[0m 594[0m[0m 1024[0m[0m 1024[0m[0m 1024[0m[0m 552[0m[0m 22[0m[0m 3[0m[0m 3[0m[0m 19[0m[0m 1024[0m[0m 26[0m[0m 2[0m[0m 1024[0m[0m 4[0m[0m 1024[0m[0m 370[0m[0m 1[0m[0m 1024[0m[0m 3[0m[0m 55[0m[0m 1024[0m[0m 12[0m[0m 2[0m[0m 1024[0m[0m 982[0m[0m 1024[0m[0m 1024[0m[0m 1024[0m[0m 714[0m[0m 1024[0m[0m 1024[0m[0m 1024[0m[0m 59[0m[0m 1024[0m[0m 7[0m[0m 1024[0m[0m 1024[0m[0m 38[0m[0m 1024[0m[0m 29[0m[0m 1024[0m[0m 141[0m[0m 180[0m[0m 10[0m[0m 1024[0m[0m 8[0m[0m 1024[0m[0m 38[0m[0m 62[0m[0m 530[0m[0m 11[0m[0m 11[0m[0m 77[0m[0m 1024[0m[0m 1024[0m[0m 96[0m[0m 1[0m[0m 1[0m[0m 30[0m[0m 30[0m[0m 154[0m[0m 1024[0m[0m 1024[0m[0m 1024[0m[0m 1024[0m[0m 1024[0m[0m 1024[0m[0m 1024[0m[0m 1024[0m[0m 1024[0m[0m 1024[0m[0m 1024[0m[0m 1024[0m[0m 1024[0m[0m 1024[0m[0m 1024[0m[0m 1024[0m[0m 1024[0m[0m 1024[0m[0m 1024[0m[0m 1024[0m[0m 1024[0m[0m 1024[0m[0m 1024[0m[0m 1024[0m[0m 1024[0m[0m 1024[0m[0m 1024[0m[0m 1024[0m[0m 1024[0m[0m 1024[0m[0m
# mismatches 5 / 100
[0m[0m# GATE4 FAIL
[0m[0m
# ---- run 3 ----
[0m[0m# in=0x34350000 out=0x34350000 scale=8.297212 off=0
[0m[0m# fed 64000 B of 64000 B input
[0m[0m# invoking...
[0m[0m# invoke returned
[0m[0m# invoke 74420273 cycles = 124.033 ms at 600000000 Hz
[0m[0m# ids:[0m[0m 1024[0m[0m 1024[0m[0m 1024[0m[0m 1024[0m[0m 1024[0m[0m 1024[0m[0m 1024[0m[0m 1024[0m[0m 1024[0m[0m 594[0m[0m 1024[0m[0m 1024[0m[0m 1024[0m[0m 552[0m[0m 22[0m[0m 3[0m[0m 3[0m[0m 19[0m[0m 1024[0m[0m 26[0m[0m 2[0m[0m 1024[0m[0m 4[0m[0m 1024[0m[0m 370[0m[0m 1[0m[0m 1024[0m[0m 3[0m[0m 55[0m[0m 1024[0m[0m 12[0m[0m 2[0m[0m 1024[0m[0m 982[0m[0m 1024[0m[0m 1024[0m[0m 1024[0m[0m 714[0m[0m 1024[0m[0m 1024[0m[0m 1024[0m[0m 59[0m[0m 1024[0m[0m 7[0m[0m 1024[0m[0m 1024[0m[0m 38[0m[0m 1024[0m[0m 29[0m[0m 1024[0m[0m 141[0m[0m 180[0m[0m 10[0m[0m 1024[0m[0m 8[0m[0m 1024[0m[0m 38[0m[0m 62[0m[0m 530[0m[0m 11[0m[0m 11[0m[0m 77[0m[0m 1024[0m[0m 1024[0m[0m 96[0m[0m 1[0m[0m 1[0m[0m 30[0m[0m 30[0m[0m 154[0m[0m 1024[0m[0m 1024[0m[0m 1024[0m[0m 1024[0m[0m 1024[0m[0m 1024[0m[0m 1024[0m[0m 1024[0m[0m 1024[0m[0m 1024[0m[0m 1024[0m[0m 1024[0m[0m 1024[0m[0m 1024[0m[0m 1024[0m[0m 1024[0m[0m 1024[0m[0m 1024[0m[0m 1024[0m[0m 1024[0m[0m 1024[0m[0m 1024[0m[0m 1024[0m[0m 1024[0m[0m 1024[0m[0m 1024[0m[0m 1024[0m[0m 1024[0m[0m 1024[0m[0m 1024[0m[0m
# mismatches 5 / 100
[0m[0m# GATE4 FAIL
[0m[0m
# ---- run 4 ----
[0m[0m# in=0x34350000 out=0x34350000 scale=8.297212 off=0
[0m[0m# fed 64000 B of 64000 B input
[0m[0m# invoking...
[0m[0m# invoke returned
[0m[0m# invoke 74418577 cycles = 124.030 ms at 600000000 Hz
[0m[0m# ids:[0m[0m 1024[0m[0m 1024[0m[0m 1024[0m[0m 1024[0m[0m 1024[0m[0m 1024[0m[0m 1024[0m[0m 1024[0m[0m 1024[0m[0m 594[0m[0m 1024[0m[0m 1024[0m[0m 1024[0m[0m 552[0m[0m 22[0m[0m 3[0m[0m 3[0m[0m 19[0m[0m 1024[0m[0m 26[0m[0m 2[0m[0m 1024[0m[0m 4[0m[0m 1024[0m[0m 370[0m[0m 1[0m[0m 1024[0m[0m 3[0m[0m 55[0m[0m 1024[0m[0m 12[0m[0m 2[0m[0m 1024[0m[0m 982[0m[0m 1024[0m[0m 1024[0m[0m 1024[0m[0m 714[0m[0m 1024[0m[0m 1024[0m[0m 1024[0m[0m 59[0m[0m 1024[0m[0m 7[0m[0m 1024[0m[0m 1024[0m[0m 38[0m[0m 1024[0m[0m 29[0m[0m 1024[0m[0m 141[0m[0m 180[0m[0m 10[0m[0m 1024[0m[0m 8[0m[0m 1024[0m[0m 38[0m[0m 62[0m[0m 530[0m[0m 11[0m[0m 11[0m[0m 77[0m[0m 1024[0m[0m 1024[0m[0m 96[0m[0m 1[0m[0m 1[0m[0m 30[0m[0m 30[0m[0m 154[0m[0m 1024[0m[0m 1024[0m[0m 1024[0m[0m 1024[0m[0m 1024[0m[0m 1024[0m[0m 1024[0m[0m 1024[0m[0m 1024[0m[0m 1024[0m[0m 1024[0m[0m 1024[0m[0m 1024[0m[0m 1024[0m[0m 1024[0m[0m 1024[0m[0m 1024[0m[0m 1024[0m[0m 1024[0m[0m 1024[0m[0m 1024[0m[0m 1024[0m[0m 1024[0m[0m 1024[0m[0m 1024[0m[0m 1024[0m[0m 1024[0m[0m 1024[0m[0m 1024[0m[0m 1024[0m[0m
# mismatches 5 / 100
[0m[0m# GATE4 FAIL
[0m[0m
# ---- run 5 ----
[0m[0m# in=0x34350000 out=0x34350000 scale=8.297212 off=0
[0m[0m# fed 64000 B of 64000 B input
[0m[0m# invoking...
[0m[0m# invoke returned
[0m[0m# invoke 74419961 cycles = 124.033 ms at 600000000 Hz
[0m[0m# ids:[0m[0m 1024[0m[0m 1024[0m[0m 1024[0m[0m 1024[0m[0m 1024[0m[0m 1024[0m[0m 1024[0m[0m 1024[0m[0m 1024[0m[0m 594[0m[0m 1024[0m[0m 1024[0m[0m 1024[0m[0m 552[0m[0m 22[0m[0m 3[0m[0m 3[0m[0m 19[0m[0m 1024[0m[0m 26[0m[0m 2[0m[0m 1024[0m[0m 4[0m[0m 1024[0m[0m 370[0m[0m 1[0m[0m 1024[0m[0m 3[0m[0m 55[0m[0m 1024[0m[0m 12[0m[0m 2[0m[0m 1024[0m[0m 982[0m[0m 1024[0m[0m 1024[0m[0m 1024[0m[0m 714[0m[0m 1024[0m[0m 1024[0m[0m 1024[0m[0m 59[0m[0m 1024[0m[0m 7[0m[0m 1024[0m[0m 1024[0m[0m 38[0m[0m 1024[0m[0m 29[0m[0m 1024[0m[0m 141[0m[0m 180[0m[0m 10[0m[0m 1024[0m[0m 8[0m[0m 1024[0m[0m 38[0m[0m 62[0m[0m 530[0m[0m 11[0m[0m 11[0m[0m 77[0m[0m 1024[0m[0m 1024[0m[0m 96[0m[0m 1[0m[0m 1[0m[0m 30[0m[0m 30[0m[0m 154[0m[0m 1024[0m[0m 1024[0m[0m 1024[0m[0m 1024[0m[0m 1024[0m[0m 1024[0m[0m 1024[0m[0m 1024[0m[0m 1024[0m[0m 1024[0m[0m 1024[0m[0m 1024[0m[0m 1024[0m[0m 1024[0m[0m 1024[0m[0m 1024[0m[0m 1024[0m[0m 1024[0m[0m 1024[0m[0m 1024[0m[0m 1024[0m[0m 1024[0m[0m 1024[0m[0m 1024[0m[0m 1024[0m[0m 1024[0m[0m 1024[0m[0m 1024[0m[0m 1024[0m[0m 1024[0m[0m
# mismatches 5 / 100
[0m[0m# GATE4 FAIL
[0m[0m
# ---- run 6 ----
[0m[0m# in=0x34350000 out=0x34350000 scale=8.297212 off=0
[0m[0m# fed 64000 B of 64000 B input
[0m[0m# invoking...
[0m[0m# invoke returned
[0m[0m# invoke 74421597 cycles = 124.035 ms at 600000000 Hz
[0m[0m# ids:[0m[0m 1024[0m[0m 1024[0m[0m 1024[0m[0m 1024[0m[0m 1024[0m[0m 1024[0m[0m 1024[0m[0m 1024[0m[0m 1024[0m[0m 594[0m[0m 1024[0m[0m 1024[0m[0m 1024[0m[0m 552[0m[0m 22[0m[0m 3[0m[0m 3[0m[0m 19[0m[0m 1024[0m[0m 26[0m[0m 2[0m[0m 1024[0m[0m 4[0m[0m 1024[0m[0m 370[0m[0m 1[0m[0m 1024[0m[0m 3[0m[0m 55[0m[0m 1024[0m[0m 12[0m[0m 2[0m[0m 1024[0m[0m 982[0m[0m 1024[0m[0m 1024[0m[0m 1024[0m[0m 714[0m[0m 1024[0m[0m 1024[0m[0m 1024[0m[0m 59[0m[0m 1024[0m[0m 7[0m[0m 1024[0m[0m 1024[0m[0m 38[0m[0m 1024[0m[0m 29[0m[0m 1024[0m[0m 141[0m[0m 180[0m[0m 10[0m[0m 1024[0m[0m 8[0m[0m 1024[0m[0m 38[0m[0m 62[0m[0m 530[0m[0m 11[0m[0m 11[0m[0m 77[0m[0m 1024[0m[0m 1024[0m[0m 96[0m[0m 1[0m[0m 1[0m[0m 30[0m[0m 30[0m[0m 154[0m[0m 1024[0m[0m 1024[0m[0m 1024[0m[0m 1024[0m[0m 1024[0m[0m 1024[0m[0m 1024[0m[0m 1024[0m[0m 1024[0m[0m 1024[0m[0m 1024[0m[0m 1024[0m[0m 1024[0m[0m 1024[0m[0m 1024[0m[0m 1024[0m[0m 1024[0m[0m 1024[0m[0m 1024[0m[0m 1024[0m[0m 1024[0m[0m 1024[0m[0m 1024[0m[0m 1024[0m[0m 1024[0m[0m 1024[0m[0m 1024[0m[0m 1024[0m[0m 1024[0m[0m 1024[0m[0m
# mismatches 5 / 100
[0m[0m# GATE4 FAIL
[0m[0m
# ---- run 7 ----
[0m[0m# in=0x34350000 out=0x34350000 scale=8.297212 off=0
[0m[0m# fed 64000 B of 64000 B input
[0m[0m# invoking...
[0m[0m# invoke returned
[0m[0m# invoke 74420146 cycles = 124.033 ms at 600000000 Hz
[0m[0m# ids:[0m[0m 1024[0m[0m 1024[0m[0m 1024[0m[0m 1024[0m[0m 1024[0m[0m 1024[0m[0m 1024[0m[0m 1024[0m[0m 1024[0m[0m 594[0m[0m 1024[0m[0m 1024[0m[0m 1024[0m[0m 552[0m[0m 22[0m[0m 3[0m[0m 3[0m[0m 19[0m[0m 1024[0m[0m 26[0m[0m 2[0m[0m 1024[0m[0m 4[0m[0m 1024[0m[0m 370[0m[0m 1[0m[0m 1024[0m[0m 3[0m[0m 55[0m[0m 1024[0m[0m 12[0m[0m 2[0m[0m 1024[0m[0m 982[0m[0m 1024[0m[0m 1024[0m[0m 1024[0m[0m 714[0m[0m 1024[0m[0m 1024[0m[0m 1024[0m[0m 59[0m[0m 1024[0m[0m 7[0m[0m 1024[0m[0m 1024[0m[0m 38[0m[0m 1024[0m[0m 29[0m[0m 1024[0m[0m 141[0m[0m 180[0m[0m 10[0m[0m 1024[0m[0m 8[0m[0m 1024[0m[0m 38[0m[0m 62[0m[0m 530[0m[0m 11[0m[0m 11[0m[0m 77[0m[0m 1024[0m[0m 1024[0m[0m 96[0m[0m 1[0m[0m 1[0m[0m 30[0m[0m 30[0m[0m 154[0m[0m 1024[0m[0m 1024[0m[0m 1024[0m[0m 1024[0m[0m 1024[0m[0m 1024[0m[0m 1024[0m[0m 1024[0m[0m 1024[0m[0m 1024[0m[0m 1024[0m[0m 1024[0m[0m 1024[0m[0m 1024[0m[0m 1024[0m[0m 1024[0m[0m 1024[0m[0m 1024[0m[0m 1024[0m[0m 1024[0m[0m 1024[0m[0m 1024[0m[0m 1024[0m[0m 1024[0m[0m 1024[0m[0m 1024[0m[0m 1024[0m[0m 1024[0m[0m 1024[0m[0m 1024[0m[0m
# mismatches 5 / 100
[0m[0m# GATE4 FAIL
[0m[0m
# ---- run 8 ----
[0m[0m# in=0x34350000 out=0x34350000 scale=8.297212 off=0
[0m[0m# fed 64000 B of 64000 B input
[0m[0m# invoking...
[0m[0m# invoke returned
[0m[0m# invoke 74421450 cycles = 124.035 ms at 600000000 Hz
[0m[0m# ids:[0m[0m 1024[0m[0m 1024[0m[0m 1024[0m[0m 1024[0m[0m 1024[0m[0m 1024[0m[0m 1024[0m[0m 1024[0m[0m 1024[0m[0m 594[0m[0m 1024[0m[0m 1024[0m[0m 1024[0m[0m 552[0m[0m 22[0m[0m 3[0m[0m 3[0m[0m 19[0m[0m 1024[0m[0m 26[0m[0m 2[0m[0m 1024[0m[0m 4[0m[0m 1024[0m[0m 370[0m[0m 1[0m[0m 1024[0m[0m 3[0m[0m 55[0m[0m 1024[0m[0m 12[0m[0m 2[0m[0m 1024[0m[0m 982[0m[0m 1024[0m[0m 1024[0m[0m 1024[0m[0m 714[0m[0m 1024[0m[0m 1024[0m[0m 1024[0m[0m 59[0m[0m 1024[0m[0m 7[0m[0m 1024[0m[0m 1024[0m[0m 38[0m[0m 1024[0m[0m 29[0m[0m 1024[0m[0m 141[0m[0m 180[0m[0m 10[0m[0m 1024[0m[0m 8[0m[0m 1024[0m[0m 38[0m[0m 62[0m[0m 530[0m[0m 11[0m[0m 11[0m[0m 77[0m[0m 1024[0m[0m 1024[0m[0m 96[0m[0m 1[0m[0m 1[0m[0m 30[0m[0m 30[0m[0m 154[0m[0m 1024[0m[0m 1024[0m[0m 1024[0m[0m 1024[0m[0m 1024[0m[0m 1024[0m[0m 1024[0m[0m 1024[0m[0m 1024[0m[0m 1024[0m[0m 1024[0m[0m 1024[0m[0m 1024[0m[0m 1024[0m[0m 1024[0m[0m 1024[0m[0m 1024[0m[0m 1024[0m[0m 1024[0m[0m 1024[0m[0m 1024[0m[0m 1024[0m[0m 1024[0m[0m 1024[0m[0m 1024[0m[0m 1024[0m[0m 1024[0m[0m 1024[0m[0m 1024[0m[0m 1024[0m[0m
# mismatches 5 / 100
[0m[0m# GATE4 FAIL
[0m[0m
# ---- run 9 ----
[0m[0m# in=0x34350000 out=0x34350000 scale=8.297212 off=0
[0m[0m# fed 64000 B of 64000 B input
[0m[0m# invoking...
[0m[0m# invoke returned
[0m[0m# invoke 74422209 cycles = 124.037 ms at 600000000 Hz
[0m[0m# ids:[0m[0m 1024[0m[0m 1024[0m[0m 1024[0m[0m 1024[0m[0m 1024[0m[0m 1024[0m[0m 1024[0m[0m 1024[0m[0m 1024[0m[0m 594[0m[0m 1024[0m[0m 1024[0m[0m 1024[0m[0m 552[0m[0m 22[0m[0m 3[0m[0m 3[0m[0m 19[0m[0m 1024[0m[0m 26[0m[0m 2[0m[0m 1024[0m[0m 4[0m[0m 1024[0m[0m 370[0m[0m 1[0m[0m 1024[0m[0m 3[0m[0m 55[0m[0m 1024[0m[0m 12[0m[0m 2[0m[0m 1024[0m[0m 982[0m[0m 1024[0m[0m 1024[0m[0m 1024[0m[0m 714[0m[0m 1024[0m[0m 1024[0m[0m 1024[0m[0m 59[0m[0m 1024[0m[0m 7[0m[0m 1024[0m[0m 1024[0m[0m 38[0m[0m 1024[0m[0m 29[0m[0m 1024[0m[0m 141[0m[0m 180[0m[0m 10[0m[0m 1024[0m[0m 8[0m[0m 1024[0m[0m 38[0m[0m 62[0m[0m 530[0m[0m 11[0m[0m 11[0m[0m 77[0m[0m 1024[0m[0m 1024[0m[0m 96[0m[0m 1[0m[0m 1[0m[0m 30[0m[0m 30[0m[0m 154[0m[0m 1024[0m[0m 1024[0m[0m 1024[0m[0m 1024[0m[0m 1024[0m[0m 1024[0m[0m 1024[0m[0m 1024[0m[0m 1024[0m[0m 1024[0m[0m 1024[0m[0m 1024[0m[0m 1024[0m[0m 1024[0m[0m 1024[0m[0m 1024[0m[0m 1024[0m[0m 1024[0m[0m 1024[0m[0m 1024[0m[0m 1024[0m[0m 1024[0m[0m 1024[0m[0m 1024[0m[0m 1024[0m[0m 1024[0m[0m 1024[0m[0m 1024[0m[0m 1024[0m[0m 1024[0m[0m
# mismatches 5 / 100
[0m[0m# GATE4 FAIL
[0m[0m
# ---- run 10 ----
[0m[0m# in=0x34350000 out=0x34350000 scale=8.297212 off=0
[0m[0m# fed 64000 B of 64000 B input
[0m[0m# invoking...
[0m[0m# invoke returned
[0m[0m# invoke 74419805 cycles = 124.033 ms at 600000000 Hz
[0m[0m# ids:[0m[0m 1024[0m[0m 1024[0m[0m 1024[0m[0m 1024[0m[0m 1024[0m[0m 1024[0m[0m 1024[0m[0m 1024[0m[0m 1024[0m[0m 594[0m[0m 1024[0m[0m 1024[0m[0m 1024[0m[0m 552[0m[0m 22[0m[0m 3[0m[0m 3[0m[0m 19[0m[0m 1024[0m[0m 26[0m[0m 2[0m[0m 1024[0m[0m 4[0m[0m 1024[0m[0m 370[0m[0m 1[0m[0m 1024[0m[0m 3[0m[0m 55[0m[0m 1024[0m[0m 12[0m[0m 2[0m[0m 1024[0m[0m 982[0m[0m 1024[0m[0m 1024[0m[0m 1024[0m[0m 714[0m[0m 1024[0m[0m 1024[0m[0m 1024[0m[0m 59[0m[0m 1024[0m[0m 7[0m[0m 1024[0m[0m 1024[0m[0m 38[0m[0m 1024[0m[0m 29[0m[0m 1024[0m[0m 141[0m[0m 180[0m[0m 10[0m[0m 1024[0m[0m 8[0m[0m 1024[0m[0m 38[0m[0m 62[0m[0m 530[0m[0m 11[0m[0m 11[0m[0m 77[0m[0m 1024[0m[0m 1024[0m[0m 96[0m[0m 1[0m[0m 1[0m[0m 30[0m[0m 30[0m[0m 154[0m[0m 1024[0m[0m 1024[0m[0m 1024[0m[0m 1024[0m[0m 1024[0m[0m 1024[0m[0m 1024[0m[0m 1024[0m[0m 1024[0m[0m 1024[0m[0m 1024[0m[0m 1024[0m[0m 1024[0m[0m 1024[0m[0m 1024[0m[0m 1024[0m[0m 1024[0m[0m 1024[0m[0m 1024[0m[0m 1024[0m[0m 1024[0m[0m 1024[0m[0m 1024[0m[0m 1024[0m[0m 1024[0m[0m 1024[0m[0m 1024[0m[0m 1024[0m[0m 1024[0m[0m 1024[0m[0m
# mismatches 5 / 100
[0m[0m# GATE4 FAIL
[0m[0m
# ---- run 11 ----
[0m[0m# in=0x34350000 out=0x34350000 scale=8.297212 off=0
[0m[0m# fed 64000 B of 64000 B input
[0m[0m# invoking...
[0m[0m# invoke returned
[0m[0m# invoke 74419833 cycles = 124.033 ms at 600000000 Hz
[0m[0m# ids:[0m[0m 1024[0m[0m 1024[0m[0m 1024[0m[0m 1024[0m[0m 1024[0m[0m 1024[0m[0m 1024[0m[0m 1024[0m[0m 1024[0m[0m 594[0m[0m 1024[0m[0m 1024[0m[0m 1024[0m[0m 552[0m[0m 22[0m[0m 3[0m[0m 3[0m[0m 19[0m[0m 1024[0m[0m 26[0m[0m 2[0m[0m 1024[0m[0m 4[0m[0m 1024[0m[0m 370[0m[0m 1[0m[0m 1024[0m[0m 3[0m[0m 55[0m[0m 1024[0m[0m 12[0m[0m 2[0m[0m 1024[0m[0m 982[0m[0m 1024[0m[0m 1024[0m[0m 1024[0m[0m 714[0m[0m 1024[0m[0m 1024[0m[0m 1024[0m[0m 59[0m[0m 1024[0m[0m 7[0m[0m 1024[0m[0m 1024[0m[0m 38[0m[0m 1024[0m[0m 29[0m[0m 1024[0m[0m 141[0m[0m 180[0m[0m 10[0m[0m 1024[0m[0m 8[0m[0m 1024[0m[0m 38[0m[0m 62[0m[0m 530[0m[0m 11[0m[0m 11[0m[0m 77[0m[0m 1024[0m[0m 1024[0m[0m 96[0m[0m 1[0m[0m 1[0m[0m 30[0m[0m 30[0m[0m 154[0m[0m 1024[0m[0m 1024[0m[0m 1024[0m[0m 1024[0m[0m 1024[0m[0m 1024[0m[0m 1024[0m[0m 1024[0m[0m 1024[0m[0m 1024[0m[0m 1024[0m[0m 1024[0m[0m 1024[0m[0m 1024[0m[0m 1024[0m[0m 1024[0m[0m 1024[0m[0m 1024[0m[0m 1024[0m[0m 1024[0m[0m 1024[0m[0m 1024[0m[0m 1024[0m[0m 1024[0m[0m 1024[0m[0m 1024[0m[0m 1024[0m[0m 1024[0m[0m 1024[0m[0m 1024[0m[0m
# mismatches 5 / 100
[0m[0m# GATE4 FAIL
[0m[0m
# ---- run 12 ----
[0m[0m# in=0x34350000 out=0x34350000 scale=8.297212 off=0
[0m[0m# fed 64000 B of 64000 B input
[0m[0m# invoking...
[0m[0m# invoke returned
[0m[0m# invoke 74420726 cycles = 124.034 ms at 600000000 Hz
[0m[0m# ids:[0m[0m 1024[0m[0m 1024[0m[0m 1024[0m[0m 1024[0m[0m 1024[0m[0m 1024[0m[0m 1024[0m[0m 1024[0m[0m 1024[0m[0m 594[0m[0m 1024[0m[0m 1024[0m[0m 1024[0m[0m 552[0m[0m 22[0m[0m 3[0m[0m 3[0m[0m 19[0m[0m 1024[0m[0m 26[0m[0m 2[0m[0m 1024[0m[0m 4[0m[0m 1024[0m[0m 370[0m[0m 1[0m[0m 1024[0m[0m 3[0m[0m 55[0m[0m 1024[0m[0m 12[0m[0m 2[0m[0m 1024[0m[0m 982[0m[0m 1024[0m[0m 1024[0m[0m 1024[0m[0m 714[0m[0m 1024[0m[0m 1024[0m[0m 1024[0m[0m 59[0m[0m 1024[0m[0m 7[0m[0m 1024[0m[0m 1024[0m[0m 38[0m[0m 1024[0m[0m 29[0m[0m 1024[0m[0m 141[0m[0m 180[0m[0m 10[0m[0m 1024[0m[0m 8[0m[0m 1024[0m[0m 38[0m[0m 62[0m[0m 530[0m[0m 11[0m[0m 11[0m[0m 77[0m[0m 1024[0m[0m 1024[0m[0m 96[0m[0m 1[0m[0m 1[0m[0m 30[0m[0m 30[0m[0m 154[0m[0m 1024[0m[0m 1024[0m[0m 1024[0m[0m 1024[0m[0m 1024[0m[0m 1024[0m[0m 1024[0m[0m 1024[0m[0m 1024[0m[0m 1024[0m[0m 1024[0m[0m 1024[0m[0m 1024[0m[0m 1024[0m[0m 1024[0m[0m 1024[0m[0m 1024[0m[0m 1024[0m[0m 1024[0m[0m 1024[0m[0m 1024[0m[0m 1024[0m[0m 1024[0m[0m 1024[0m[0m 1024[0m[0m 1024[0m[0m 1024[0m[0m 1024[0m[0m 1024[0m[0m 1024[0m[0m
# mismatches 5 / 100
[0m[0m# GATE4 FAIL
[0m[0m
# ---- run 13 ----
[0m[0m# in=0x34350000 out=0x34350000 scale=8.297212 off=0
[0m[0m# fed 64000 B of 64000 B input
[0m[0m# invoking...
[0m[0m# invoke returned
[0m[0m# invoke 74419534 cycles = 124.032 ms at 600000000 Hz
[0m[0m# ids:[0m[0m 1024[0m[0m 1024[0m[0m 1024[0m[0m 1024[0m[0m 1024[0m[0m 1024[0m[0m 1024[0m[0m 1024[0m[0m 1024[0m[0m 594[0m[0m 1024[0m[0m 1024[0m[0m 1024[0m[0m 552[0m[0m 22[0m[0m 3[0m[0m 3[0m[0m 19[0m[0m 1024[0m[0m 26[0m[0m 2[0m[0m 1024[0m[0m 4[0m[0m 1024[0m[0m 370[0m[0m 1[0m[0m 1024[0m[0m 3[0m[0m 55[0m[0m 1024[0m[0m 12[0m[0m 2[0m[0m 1024[0m[0m 982[0m[0m 1024[0m[0m 1024[0m[0m 1024[0m[0m 714[0m[0m 1024[0m[0m 1024[0m[0m 1024[0m[0m 59[0m[0m 1024[0m[0m 7[0m[0m 1024[0m[0m 1024[0m[0m 38[0m[0m 1024[0m[0m 29[0m[0m 1024[0m[0m 141[0m[0m 180[0m[0m 10[0m[0m 1024[0m[0m 8[0m[0m 1024[0m[0m 38[0m[0m 62[0m[0m 530[0m[0m 11[0m[0m 11[0m[0m 77[0m[0m 1024[0m[0m 1024[0m[0m 96[0m[0m 1[0m[0m 1[0m[0m 30[0m[0m 30[0m[0m 154[0m[0m 1024[0m[0m 1024[0m[0m 1024[0m[0m 1024[0m[0m 1024[0m[0m 1024[0m[0m 1024[0m[0m 1024[0m[0m 1024[0m[0m 1024[0m[0m 1024[0m[0m 1024[0m[0m 1024[0m[0m 1024[0m[0m 1024[0m[0m 1024[0m[0m 1024[0m[0m 1024[0m[0m 1024[0m[0m 1024[0m[0m 1024[0m[0m 1024[0m[0m 1024[0m[0m 1024[0m[0m 1024[0m[0m 1024[0m[0m 1024[0m[0m 1024[0m[0m 1024[0m[0m 1024[0m[0m
# mismatches 5 / 100
[0m[0m# GATE4 FAIL
[0m[0m
# ---- run 14 ----
[0m[0m# in=0x34350000 out=0x34350000 scale=8.297212 off=0
[0m[0m# fed 64000 B of 64000 B input
[0m[0m# invoking...
[0m[0m# invoke returned
[0m[0m# invoke 74421741 cycles = 124.036 ms at 600000000 Hz
[0m[0m# ids:[0m[0m 1024[0m[0m 1024[0m[0m 1024[0m[0m 1024[0m[0m 1024[0m[0m 1024[0m[0m 1024[0m[0m 1024[0m[0m 1024[0m[0m 594[0m[0m 1024[0m[0m 1024[0m[0m 1024[0m[0m 552[0m[0m 22[0m[0m 3[0m[0m 3[0m[0m 19[0m[0m 1024[0m[0m 26[0m[0m 2[0m[0m 1024[0m[0m 4[0m[0m 1024[0m[0m 370[0m[0m 1[0m[0m 1024[0m[0m 3[0m[0m 55[0m[0m 1024[0m[0m 12[0m[0m 2[0m[0m 1024[0m[0m 982[0m[0m 1024[0m[0m 1024[0m[0m 1024[0m[0m 714[0m[0m 1024[0m[0m 1024[0m[0m 1024[0m[0m 59[0m[0m 1024[0m[0m 7[0m[0m 1024[0m[0m 1024[0m[0m 38[0m[0m 1024[0m[0m 29[0m[0m 1024[0m[0m 141[0m[0m 180[0m[0m 10[0m[0m 1024[0m[0m 8[0m[0m 1024[0m[0m 38[0m[0m 62[0m[0m 530[0m[0m 11[0m[0m 11[0m[0m 77[0m[0m 1024[0m[0m 1024[0m[0m 96[0m[0m 1[0m[0m 1[0m[0m 30[0m[0m 30[0m[0m 154[0m[0m 1024[0m[0m 1024[0m[0m 1024[0m[0m 1024[0m[0m 1024[0m[0m 1024[0m[0m 1024[0m[0m 1024[0m[0m 1024[0m[0m 1024[0m[0m 1024[0m[0m 1024[0m[0m 1024[0m[0m 1024[0m[0m 1024[0m[0m 1024[0m[0m 1024[0m[0m 1024[0m[0m 1024[0m[0m 1024[0m[0m 1024[0m[0m 1024[0m[0m 1024[0m[0m 1024[0m[0m 1024[0m[0m 1024[0m[0m 1024[0m[0m 1024[0m[0m 1024[0m[0m 1024[0m[0m
# mismatches 5 / 100
[0m[0m# GATE4 FAIL
[0m[0m
# ---- run 15 ----
[0m[0m# in=0x34350000 out=0x34350000 scale=8.297212 off=0
[0m[0m# fed 64000 B of 64000 B input
[0m[0m# invoking...
[0m[0m# invoke returned
[0m[0m# invoke 74420116 cycles = 124.033 ms at 600000000 Hz
[0m[0m# ids:[0m[0m 1024[0m[0m 1024[0m[0m 1024[0m[0m 1024[0m[0m 1024[0m[0m 1024[0m[0m 1024[0m[0m 1024[0m[0m 1024[0m[0m 594[0m[0m 1024[0m[0m 1024[0m[0m 1024[0m[0m 552[0m[0m 22[0m[0m 3[0m[0m 3[0m[0m 19[0m[0m 1024[0m[0m 26[0m[0m 2[0m[0m 1024[0m[0m 4[0m[0m 1024[0m[0m 370[0m[0m 1[0m[0m 1024[0m[0m 3[0m[0m 55[0m[0m 1024[0m[0m 12[0m[0m 2[0m[0m 1024[0m[0m 982[0m[0m 1024[0m[0m 1024[0m[0m 1024[0m[0m 714[0m[0m 1024[0m[0m 1024[0m[0m 1024[0m[0m 59[0m[0m 1024[0m[0m 7[0m[0m 1024[0m[0m 1024[0m[0m 38[0m[0m 1024[0m[0m 29[0m[0m 1024[0m[0m 141[0m[0m 180[0m[0m 10[0m[0m 1024[0m[0m 8[0m[0m 1024[0m[0m 38[0m[0m 62[0m[0m 530[0m[0m 11[0m[0m 11[0m[0m 77[0m[0m 1024[0m[0m 1024[0m[0m 96[0m[0m 1[0m[0m 1[0m[0m 30[0m[0m 30[0m[0m 154[0m[0m 1024[0m[0m 1024[0m[0m 1024[0m[0m 1024[0m[0m 1024[0m[0m 1024[0m[0m 1024[0m[0m 1024[0m[0m 1024[0m[0m 1024[0m[0m 1024[0m[0m 1024[0m[0m 1024[0m[0m 1024[0m[0m 1024[0m[0m 1024[0m[0m 1024[0m[0m 1024[0m[0m 1024[0m[0m 1024[0m[0m 1024[0m[0m 1024[0m[0m 1024[0m[0m 1024[0m[0m 1024[0m[0m 1024[0m[0m 1024[0m[0m 1024[0m[0m 1024[0m[0m 1024[0m[0m
# mismatches 5 / 100
[0m[0m# GATE4 FAIL
[0m[0m
# ---- run 16 ----
[0m[0m# in=0x34350000 out=0x34350000 scale=8.297212 off=0
[0m[0m# fed 64000 B of 64000 B input
[0m[0m# invoking...
[0m[0m# invoke returned
[0m[0m# invoke 74421543 cycles = 124.035 ms at 600000000 Hz
[0m[0m# ids:[0m[0m 1024[0m[0m 1024[0m[0m 1024[0m[0m 1024[0m[0m 1024[0m[0m 1024[0m[0m 1024[0m[0m 1024[0m[0m 1024[0m[0m 594[0m[0m 1024[0m[0m 1024[0m[0m 1024[0m[0m 552[0m[0m 22[0m[0m 3[0m[0m 3[0m[0m 19[0m[0m 1024[0m[0m 26[0m[0m 2[0m[0m 1024[0m[0m 4[0m[0m 1024[0m[0m 370[0m[0m 1[0m[0m 1024[0m[0m 3[0m[0m 55[0m[0m 1024[0m[0m 12[0m[0m 2[0m[0m 1024[0m[0m 982[0m[0m 1024[0m[0m 1024[0m[0m 1024[0m[0m 714[0m[0m 1024[0m[0m 1024[0m[0m 1024[0m[0m 59[0m[0m 1024[0m[0m 7[0m[0m 1024[0m[0m 1024[0m[0m 38[0m[0m 1024[0m[0m 29[0m[0m 1024[0m[0m 141[0m[0m 180[0m[0m 10[0m[0m 1024[0m[0m 8[0m[0m 1024[0m[0m 38[0m[0m 62[0m[0m 530[0m[0m 11[0m[0m 11[0m[0m 77[0m[0m 1024[0m[0m 1024[0m[0m 96[0m[0m 1[0m[0m 1[0m[0m 30[0m[0m 