
[catch 13:03:32] armed

[catch 13:03:32] port open, reading

[catch 13:04:04] read ended: OSError

[catch 13:04:04] open failed (SerialException); re-attaching

[catch 13:04:08] open failed (SerialException); re-attaching

[catch 13:04:11] port open, reading
[0m[0m
# ---- run 1 ----
[0m[0m# in=0x34350000 out=0x343820d0 scale=8.297212 off=0
[0m[0m# fed 64000 B of 64000 B input
[0m[0m# invoking...
[0m[0m# invoke returned
[0m[0m# invoke 116393913 cycles = 193.989 ms at 600000000 Hz
[0m[0m# ids:[0m[0m 1024[0m[0m 1024[0m[0m 1024[0m[0m 1024[0m[0m 1024[0m[0m 1024[0m[0m 1024[0m[0m 1024[0m[0m 1024[0m[0m 594[0m[0m 1024[0m[0m 1024[0m[0m 1024[0m[0m 552[0m[0m 22[0m[0m 3[0m[0m 3[0m[0m 19[0m[0m 1024[0m[0m 26[0m[0m 2[0m[0m 1024[0m[0m 4[0m[0m 1024[0m[0m 370[0m[0m 1[0m[0m 1024[0m[0m 3[0m[0m 55[0m[0m 1024[0m[0m 12[0m[0m 2[0m[0m 1024[0m[0m 982[0m[0m 1024[0m[0m 1024[0m[0m 1024[0m[0m 714[0m[0m 1024[0m[0m 1024[0m[0m 1024[0m[0m 59[0m[0m 1024[0m[0m 7[0m[0m 1024[0m[0m 1024[0m[0m 38[0m[0m 1024[0m[0m 29[0m[0m 1024[0m[0m 141[0m[0m 180[0m[0m 10[0m[0m 1024[0m[0m 8[0m[0m 1024[0m[0m 38[0m[0m 62[0m[0m 530[0m[0m 11[0m[0m 11[0m[0m 77[0m[0m 1024[0m[0m 1024[0m[0m 96[0m[0m 1[0m[0m 1[0m[0m 30[0m[0m 30[0m[0m 154[0m[0m 1024[0m[0m 1024[0m[0m 1024[0m[0m 1024[0m[0m 1024[0m[0m 1024[0m[0m 1024[0m[0m 1024[0m[0m 1024[0m[0m 1024[0m[0m 1024[0m[0m 1024[0m[0m 1024[0m[0m 1024[0m[0m 1024[0m[0m 1024[0m[0m 1024[0m[0m 1024[0m[0m 1024[0m[0m 1024[0m[0m 1024[0m[0m 1024[0m[0m 1024[0m[0m 1024[0m[0m 1024[0m[0m 1024[0m[0m 1024[0m[0m 1024[0m[0m 1024[0m[0m 1024[0m[0m
# mismatches 5 / 100
[0m[0m# GATE4 FAIL
[0m[0m
# ---- run 2 ----
[0m[0m# in=0x34350000 out=0x343820d0 scale=8.297212 off=0
[0m[0m# fed 64000 B of 64000 B input
[0m[0m# invoking...
[0m[0m# invoke returned
[0m[0m# invoke 116391956 cycles = 193.986 ms at 600000000 Hz
[0m[0m# ids:[0m[0m 1024[0m[0m 1024[0m[0m 1024[0m[0m 1024[0m[0m 1024[0m[0m 1024[0m[0m 1024[0m[0m 1024[0m[0m 1024[0m[0m 594[0m[0m 1024[0m[0m 1024[0m[0m 1024[0m[0m 552[0m[0m 22[0m[0m 3[0m[0m 3[0m[0m 19[0m[0m 1024[0m[0m 26[0m[0m 2[0m[0m 1024[0m[0m 4[0m[0m 1024[0m[0m 370[0m[0m 1[0m[0m 1024[0m[0m 3[0m[0m 55[0m[0m 1024[0m[0m 12[0m[0m 2[0m[0m 1024[0m[0m 982[0m[0m 1024[0m[0m 1024[0m[0m 1024[0m[0m 714[0m[0m 1024[0m[0m 1024[0m[0m 1024[0m[0m 59[0m[0m 1024[0m[0m 7[0m[0m 1024[0m[0m 1024[0m[0m 38[0m[0m 1024[0m[0m 29[0m[0m 1024[0m[0m 141[0m[0m 180[0m[0m 10[0m[0m 1024[0m[0m 8[0m[0m 1024[0m[0m 38[0m[0m 62[0m[0m 530[0m[0m 11[0m[0m 11[0m[0m 77[0m[0m 1024[0m[0m 1024[0m[0m 96[0m[0m 1[0m[0m 1[0m[0m 30[0m[0m 30[0m[0m 154[0m[0m 1024[0m[0m 1024[0m[0m 1024[0m[0m 1024[0m[0m 1024[0m[0m 1024[0m[0m 1024[0m[0m 1024[0m[0m 1024[0m[0m 1024[0m[0m 1024[0m[0m 1024[0m[0m 1024[0m[0m 1024[0m[0m 1024[0m[0m 1024[0m[0m 1024[0m[0m 1024[0m[0m 1024[0m[0m 1024[0m[0m 1024[0m[0m 1024[0m[0m 1024[0m[0m 1024[0m[0m 1024[0m[0m 1024[0m[0m 1024[0m[0m 1024[0m[0m 1024[0m[0m 1024[0m[0m
# mismatches 5 / 100
[0m[0m# GATE4 FAIL
[0m[0m
# ---- run 3 ----
[0m[0m# in=0x34350000 out=0x343820d0 scale=8.297212 off=0
[0m[0m# fed 64000 B of 64000 B input
[0m[0m# invoking...
[0m[0m# invoke returned
[0m[0m# invoke 116391049 cycles = 193.985 ms at 600000000 Hz
[0m[0m# ids:[0m[0m 1024[0m[0m 1024[0m[0m 1024[0m[0m 1024[0m[0m 1024[0m[0m 1024[0m[0m 1024[0m[0m 1024[0m[0m 1024[0m[0m 594[0m[0m 1024[0m[0m 1024[0m[0m 1024[0m[0m 552[0m[0m 22[0m[0m 3[0m[0m 3[0m[0m 19[0m[0m 1024[0m[0m 26[0m[0m 2[0m[0m 1024[0m[0m 4[0m[0m 1024[0m[0m 370[0m[0m 1[0m[0m 1024[0m[0m 3[0m[0m 55[0m[0m 1024[0m[0m 12[0m[0m 2[0m[0m 1024[0m[0m 982[0m[0m 1024[0m[0m 1024[0m[0m 1024[0m[0m 714[0m[0m 1024[0m[0m 1024[0m[0m 1024[0m[0m 59[0m[0m 1024[0m[0m 7[0m[0m 1024[0m[0m 1024[0m[0m 38[0m[0m 1024[0m[0m 29[0m[0m 1024[0m[0m 141[0m[0m 180[0m[0m 10[0m[0m 1024[0m[0m 8[0m[0m 1024[0m[0m 38[0m[0m 62[0m[0m 530[0m[0m 11[0m[0m 11[0m[0m 77[0m[0m 1024[0m[0m 1024[0m[0m 96[0m[0m 1[0m[0m 1[0m[0m 30[0m[0m 30[0m[0m 154[0m[0m 1024[0m[0m 1024[0m[0m 1024[0m[0m 1024[0m[0m 1024[0m[0m 1024[0m[0m 1024[0m[0m 1024[0m[0m 1024[0m[0m 1024[0m[0m 1024[0m[0m 1024[0m[0m 1024[0m[0m 1024[0m[0m 1024[0m[0m 1024[0m[0m 1024[0m[0m 1024[0m[0m 1024[0m[0m 1024[0m[0m 1024[0m[0m 1024[0m[0m 1024[0m[0m 1024[0m[0m 1024[0m[0m 1024[0m[0m 1024[0m[0m 1024[0m[0m 1024[0m[0m 1024[0m[0m
# mismatches 5 / 100
[0m[0m# GATE4 FAIL
[0m[0m
# ---- run 4 ----
[0m[0m# in=0x34350000 out=0x343820d0 scale=8.297212 off=0
[0m[0m# fed 64000 B of 64000 B input
[0m[0m# invoking...
[0m[0m# invoke returned
[0m[0m# invoke 116390934 cycles = 193.984 ms at 600000000 Hz
[0m[0m# ids:[0m[0m 1024[0m[0m 1024[0m[0m 1024[0m[0m 1024[0m[0m 1024[0m[0m 1024[0m[0m 1024[0m[0m 1024[0m[0m 1024[0m[0m 594[0m[0m 1024[0m[0m 1024[0m[0m 1024[0m[0m 552[0m[0m 22[0m[0m 3[0m[0m 3[0m[0m 19[0m[0m 1024[0m[0m 26[0m[0m 2[0m[0m 1024[0m[0m 4[0m[0m 1024[0m[0m 370[0m[0m 1[0m[0m 1024[0m[0m 3[0m[0m 55[0m[0m 1024[0m[0m 12[0m[0m 2[0m[0m 1024[0m[0m 982[0m[0m 1024[0m[0m 1024[0m[0m 1024[0m[0m 714[0m[0m 1024[0m[0m 1024[0m[0m 1024[0m[0m 59[0m[0m 1024[0m[0m 7[0m[0m 1024[0m[0m 1024[0m[0m 38[0m[0m 1024[0m[0m 29[0m[0m 1024[0m[0m 141[0m[0m 180[0m[0m 10[0m[0m 1024[0m[0m 8[0m[0m 1024[0m[0m 38[0m[0m 62[0m[0m 530[0m[0m 11[0m[0m 11[0m[0m 77[0m[0m 1024[0m[0m 1024[0m[0m 96[0m[0m 1[0m[0m 1[0m[0m 30[0m[0m 30[0m[0m 154[0m[0m 1024[0m[0m 1024[0m[0m 1024[0m[0m 1024[0m[0m 1024[0m[0m 1024[0m[0m 1024[0m[0m 1024[0m[0m 1024[0m[0m 1024[0m[0m 1024[0m[0m 1024[0m[0m 1024[0m[0m 1024[0m[0m 1024[0m[0m 1024[0m[0m 1024[0m[0m 1024[0m[0m 1024[0m[0m 1024[0m[0m 1024[0m[0m 1024[0m[0m 1024[0m[0m 1024[0m[0m 1024[0m[0m 1024[0m[0m 1024[0m[0m 1024[0m[0m 1024[0m[0m 1024[0m[0m
# mismatches 5 / 100
[0m[0m# GATE4 FAIL
[0m[0m
# ---- run 5 ----
[0m[0m# in=0x34350000 out=0x343820d0 scale=8.297212 off=0
[0m[0m# fed 64000 B of 64000 B input
[0m[0m# invoking...
[0m[0m# invoke returned
[0m[0m# invoke 116393063 cycles = 193.988 ms at 600000000 Hz
[0m[0m# ids:[0m[0m 1024[0m[0m 1024[0m[0m 1024[0m[0m 1024[0m[0m 1024[0m[0m 1024[0m[0m 1024[0m[0m 1024[0m[0m 1024[0m[0m 594[0m[0m 1024[0m[0m 1024[0m[0m 1024[0m[0m 552[0m[0m 22[0m[0m 3[0m[0m 3[0m[0m 19[0m[0m 1024[0m[0m 26[0m[0m 2[0m[0m 1024[0m[0m 4[0m[0m 1024[0m[0m 370[0m[0m 1[0m[0m 1024[0m[0m 3[0m[0m 55[0m[0m 1024[0m[0m 12[0m[0m 2[0m[0m 1024[0m[0m 982[0m[0m 1024[0m[0m 1024[0m[0m 1024[0m[0m 714[0m[0m 1024[0m[0m 1024[0m[0m 1024[0m[0m 59[0m[0m 1024[0m[0m 7[0m[0m 1024[0m[0m 1024[0m[0m 38[0m[0m 1024[0m[0m 29[0m[0m 1024[0m[0m 141[0m[0m 180[0m[0m 10[0m[0m 1024[0m[0m 8[0m[0m 1024[0m[0m 38[0m[0m 62[0m[0m 530[0m[0m 11[0m[0m 11[0m[0m 77[0m[0m 1024[0m[0m 1024[0m[0m 96[0m[0m 1[0m[0m 1[0m[0m 30[0m[0m 30[0m[0m 154[0m[0m 1024[0m[0m 1024[0m[0m 1024[0m[0m 1024[0m[0m 1024[0m[0m 1024[0m[0m 1024[0m[0m 1024[0m[0m 1024[0m[0m 1024[0m[0m 1024[0m[0m 1024[0m[0m 1024[0m[0m 1024[0m[0m 1024[0m[0m 1024[0m[0m 1024[0m[0m 1024[0m[0m 1024[0m[0m 1024[0m[0m 1024[0m[0m 1024[0m[0m 1024[0m[0m 1024[0m[0m 1024[0m[0m 1024[0m[0m 1024[0m[0m 1024[0m[0m 1024[0m[0m 1024[0m[0m
# mismatches 5 / 100
[0m[0m# GATE4 FAIL
[0m[0m
# ---- run 6 ----
[0m[0m# in=0x34350000 out=0x343820d0 scale=8.297212 off=0
[0m[0m# fed 64000 B of 64000 B input
[0m[0m# invoking...
[0m[0m# invoke returned
[0m[0m# invoke 116390379 cycles = 193.983 ms at 600000000 Hz
[0m[0m# ids:[0m[0m 1024[0m[0m 1024[0m[0m 1024[0m[0m 1024[0m[0m 1024[0m[0m 1024[0m[0m 1024[0m[0m 1024[0m[0m 1024[0m[0m 594[0m[0m 1024[0m[0m 1024[0m[0m 1024[0m[0m 552[0m[0m 22[0m[0m 3[0m[0m 3[0m[0m 19[0m[0m 1024[0m[0m 26[0m[0m 2[0m[0m 1024[0m[0m 4[0m[0m 1024[0m[0m 370[0m[0m 1[0m[0m 1024[0m[0m 3[0m[0m 55[0m[0m 1024[0m[0m 12[0m[0m 2[0m[0m 1024[0m[0m 982[0m[0m 1024[0m[0m 1024[0m[0m 1024[0m[0m 714[0m[0m 1024[0m[0m 1024[0m[0m 1024[0m[0m 59[0m[0m 1024[0m[0m 7[0m[0m 1024[0m[0m 1024[0m[0m 38[0m[0m 1024[0m[0m 29[0m[0m 1024[0m[0m 141[0m[0m 180[0m[0m 10[0m[0m 1024[0m[0m 8[0m[0m 1024[0m[0m 38[0m[0m 62[0m[0m 530[0m[0m 11[0m[0m 11[0m[0m 77[0m[0m 1024[0m[0m 1024[0m[0m 96[0m[0m 1[0m[0m 1[0m[0m 30[0m[0m 30[0m[0m 154[0m[0m 1024[0m[0m 1024[0m[0m 1024[0m[0m 1024[0m[0m 1024[0m[0m 1024[0m[0m 1024[0m[0m 1024[0m[0m 1024[0m[0m 1024[0m[0m 1024[0m[0m 1024[0m[0m 1024[0m[0m 1024[0m[0m 1024[0m[0m 1024[0m[0m 1024[0m[0m 1024[0m[0m 1024[0m[0m 1024[0m[0m 1024[0m[0m 1024[0m[0m 1024[0m[0m 1024[0m[0m 1024[0m[0m 1024[0m[0m 1024[0m[0m 1024[0m[0m 1024[0m[0m 1024[0m[0m
# mismatches 5 / 100
[0m[0m# GATE4 FAIL
[0m[0m
# ---- run 7 ----
[0m[0m# in=0x34350000 out=0x343820d0 scale=8.297212 off=0
[0m[0m# fed 64000 B of 64000 B input
[0m[0m# invoking...
[0m[0m# invoke returned
[0m[0m# invoke 116389981 cycles = 193.983 ms at 600000000 Hz
[0m[0m# ids:[0m[0m 1024[0m[0m 1024[0m[0m 1024[0m[0m 1024[0m[0m 1024[0m[0m 1024[0m[0m 1024[0m[0m 1024[0m[0m 1024[0m[0m 594[0m[0m 1024[0m[0m 1024[0m[0m 1024[0m[0m 552[0m[0m 22[0m[0m 3[0m[0m 3[0m[0m 19[0m[0m 1024[0m[0m 26[0m[0m 2[0m[0m 1024[0m[0m 4[0m[0m 1024[0m[0m 370[0m[0m 1[0m[0m 1024[0m[0m 3[0m[0m 55[0m[0m 1024[0m[0m 12[0m[0m 2[0m[0m 1024[0m[0m 982[0m[0m 1024[0m[0m 1024[0m[0m 1024[0m[0m 714[0m[0m 1024[0m[0m 1024[0m[0m 1024[0m[0m 59[0m[0m 1024[0m[0m 7[0m[0m 1024[0m[0m 1024[0m[0m 38[0m[0m 1024[0m[0m 29[0m[0m 1024[0m[0m 141[0m[0m 180[0m[0m 10[0m[0m 1024[0m[0m 8[0m[0m 1024[0m[0m 38[0m[0m 62[0m[0m 530[0m[0m 11[0m[0m 11[0m[0m 77[0m[0m 1024[0m[0m 1024[0m[0m 96[0m[0m 1[0m[0m 1[0m[0m 30[0m[0m 30[0m[0m 154[0m[0m 1024[0m[0m 1024[0m[0m 1024[0m[0m 1024[0m[0m 1024[0m[0m 1024[0m[0m 1024[0m[0m 1024[0m[0m 1024[0m[0m 1024[0m[0m 1024[0m[0m 1024[0m[0m 1024[0m[0m 1024[0m[0m 1024[0m[0m 1024[0m[0m 1024[0m[0m 1024[0m[0m 1024[0m[0m 1024[0m[0m 1024[0m[0m 1024[0m[0m 1024[0m[0m 1024[0m[0m 1024[0m[0m 1024[0m[0m 1024[0m[0m 1024[0m[0m 1024[0m[0m 1024[0m[0m
# mismatches 5 / 100
[0m[0m# GATE4 FAIL
[0m[0m
# ---- run 8 ----
[0m[0m# in=0x34350000 out=0x343820d0 scale=8.297212 off=0
[0m[0m# fed 64000 B of 64000 B input
[0m[0m# invoking...
[0m[0m# invoke returned
[0m[0m# invoke 116386482 cycles = 193.977 ms at 600000000 Hz
[0m[0m# ids:[0m[0m 1024[0m[0m 1024[0m[0m 1024[0m[0m 1024[0m[0m 1024[0m[0m 1024[0m[0m 1024[0m[0m 1024[0m[0m 1024[0m[0m 594[0m[0m 1024[0m[0m 1024[0m[0m 1024[0m[0m 552[0m[0m 22[0m[0m 3[0m[0m 3[0m[0m 19[0m[0m 1024[0m[0m 26[0m[0m 2[0m[0m 1024[0m[0m 4[0m[0m 1024[0m[0m 370[0m[0m 1[0m[0m 1024[0m[0m 3[0m[0m 55[0m[0m 1024[0m[0m 12[0m[0m 2[0m[0m 1024[0m[0m 982[0m[0m 1024[0m[0m 1024[0m[0m 1024[0m[0m 714[0m[0m 1024[0m[0m 1024[0m[0m 1024[0m[0m 59[0m[0m 1024[0m[0m 7[0m[0m 1024[0m[0m 1024[0m[0m 38[0m[0m 1024[0m[0m 29[0m[0m 1024[0m[0m 141[0m[0m 180[0m[0m 10[0m[0m 1024[0m[0m 8[0m[0m 1024[0m[0m 38[0m[0m 62[0m[0m 530[0m[0m 11[0m[0m 11[0m[0m 77[0m[0m 1024[0m[0m 1024[0m[0m 96[0m[0m 1[0m[0m 1[0m[0m 30[0m[0m 30[0m[0m 154[0m[0m 1024[0m[0m 1024[0m[0m 1024[0m[0m 1024[0m[0m 1024[0m[0m 1024[0m[0m 1024[0m[0m 1024[0m[0m 1024[0m[0m 1024[0m[0m 1024[0m[0m 1024[0m[0m 1024[0m[0m 1024[0m[0m 1024[0m[0m 1024[0m[0m 1024[0m[0m 1024[0m[0m 1024[0m[0m 1024[0m[0m 1024[0m[0m 1024[0m[0m 1024[0m[0m 1024[0m[0m 1024[0m[0m 1024[0m[0m 1024[0m[0m 1024[0m[0m 1024[0m[0m 1024[0m[0m
# mismatches 5 / 100
[0m[0m# GATE4 FAIL
[0m[0m
# ---- run 9 ----
[0m[0m# in=0x34350000 out=0x343820d0 scale=8.297212 off=0
[0m[0m# fed 64000 B of 64000 B input
[0m[0m# invoking...
[0m[0m# invoke returned
[0m[0m# invoke 116389170 cycles = 193.981 ms at 600000000 Hz
[0m[0m# ids:[0m[0m 1024[0m[0m 1024[0m[0m 1024[0m[0m 1024[0m[0m 1024[0m[0m 1024[0m[0m 1024[0m[0m 1024[0m[0m 1024[0m[0m 594[0m[0m 1024[0m[0m 1024[0m[0m 1024[0m[0m 552[0m[0m 22[0m[0m 3[0m[0m 3[0m[0m 19[0m[0m 1024[0m[0m 26[0m[0m 2[0m[0m 1024[0m[0m 4[0m[0m 1024[0m[0m 370[0m[0m 1[0m[0m 1024[0m[0m 3[0m[0m 55[0m[0m 1024[0m[0m 12[0m[0m 2[0m[0m 1024[0m[0m 982[0m[0m 1024[0m[0m 1024[0m[0m 1024[0m[0m 714[0m[0m 1024[0m[0m 1024[0m[0m 1024[0m[0m 59[0m[0m 1024[0m[0m 7[0m[0m 1024[0m[0m 1024[0m[0m 38[0m[0m 1024[0m[0m 29[0m[0m 1024[0m[0m 141[0m[0m 180[0m[0m 10[0m[0m 1024[0m[0m 8[0m[0m 1024[0m[0m 38[0m[0m 62[0m[0m 530[0m[0m 11[0m[0m 11[0m[0m 77[0m[0m 1024[0m[0m 1024[0m[0m 96[0m[0m 1[0m[0m 1[0m[0m 30[0m[0m 30[0m[0m 154[0m[0m 1024[0m[0m 1024[0m[0m 1024[0m[0m 1024[0m[0m 1024[0m[0m 1024[0m[0m 1024[0m[0m 1024[0m[0m 1024[0m[0m 1024[0m[0m 1024[0m[0m 1024[0m[0m 1024[0m[0m 1024[0m[0m 1024[0m[0m 1024[0m[0m 1024[0m[0m 1024[0m[0m 1024[0m[0m 1024[0m[0m 1024[0m[0m 1024[0m[0m 1024[0m[0m 1024[0m[0m 1024[0m[0m 1024[0m[0m 1024[0m[0m 1024[0m[0m 1024[0m[0m 1024[0m[0m
# mismatches 5 / 100
[0m[0m# GATE4 FAIL
